TAP version 13
# Subtest: Two-bone triangles retain limb lengths for reachable, folded, straight and unreachable targets
ok 1 - Two-bone triangles retain limb lengths for reachable, folded, straight and unreachable targets
  ---
  duration_ms: 4.962988
  type: 'test'
  ...
# Subtest: Foot target stays world-locked, and unlock/relock transitions preserve position continuity
ok 2 - Foot target stays world-locked, and unlock/relock transitions preserve position continuity
  ---
  duration_ms: 2.757928
  type: 'test'
  ...
# Subtest: An unreachable plant cannot immediately relock before lift-off
ok 3 - An unreachable plant cannot immediately relock before lift-off
  ---
  duration_ms: 0.698036
  type: 'test'
  ...
# Subtest: Ground queries accept continuous slopes and reject cliffs, nonfinite terrain and steep walls
ok 4 - Ground queries accept continuous slopes and reject cliffs, nonfinite terrain and steep walls
  ---
  duration_ms: 0.808155
  type: 'test'
  ...
# Subtest: Actual ankle transforms hold settled plants below 2 mm at 30 Hz across six travel speeds
not ok 5 - Actual ankle transforms hold settled plants below 2 mm at 30 Hz across six travel speeds
  ---
  duration_ms: 1640.009423
  type: 'test'
  location: '/mnt/data/rainward-conflict-audit/work/rainward/tests/grounded-motion.test.mjs:33:30'
  failureType: 'testCodeFailure'
  error: 'speed 9 has real measured plants'
  code: 'ERR_ASSERTION'
  name: 'AssertionError'
  expected: true
  actual: false
  operator: '=='
  stack: |-
    TestContext.<anonymous> (file:///mnt/data/rainward-conflict-audit/work/rainward/tests/grounded-motion.test.mjs:37:10)
    Test.runInAsyncScope (node:async_hooks:214:14)
    Test.run (node:internal/test_runner/test:1047:25)
    Test.processPendingSubtests (node:internal/test_runner/test:744:18)
    Test.postRun (node:internal/test_runner/test:1173:19)
    Test.run (node:internal/test_runner/test:1101:12)
    async Test.processPendingSubtests (node:internal/test_runner/test:744:7)
  ...
# Subtest: Actual ankle transforms hold settled plants below 2 mm at 60 Hz across six travel speeds
ok 6 - Actual ankle transforms hold settled plants below 2 mm at 60 Hz across six travel speeds
  ---
  duration_ms: 701.062385
  type: 'test'
  ...
# Subtest: Actual ankle transforms hold settled plants below 2 mm at 120 Hz across six travel speeds
not ok 7 - Actual ankle transforms hold settled plants below 2 mm at 120 Hz across six travel speeds
  ---
  duration_ms: 644.966615
  type: 'test'
  location: '/mnt/data/rainward-conflict-audit/work/rainward/tests/grounded-motion.test.mjs:33:30'
  failureType: 'testCodeFailure'
  error: 'speed 9 has real measured plants'
  code: 'ERR_ASSERTION'
  name: 'AssertionError'
  expected: true
  actual: false
  operator: '=='
  stack: |-
    TestContext.<anonymous> (file:///mnt/data/rainward-conflict-audit/work/rainward/tests/grounded-motion.test.mjs:37:10)
    Test.runInAsyncScope (node:async_hooks:214:14)
    Test.run (node:internal/test_runner/test:1047:25)
    Test.processPendingSubtests (node:internal/test_runner/test:744:18)
    Test.postRun (node:internal/test_runner/test:1173:19)
    Test.run (node:internal/test_runner/test:1101:12)
    async Test.processPendingSubtests (node:internal/test_runner/test:744:7)
  ...
# Subtest: Stationary roots do not march when requested speed is blocked by collision
ok 8 - Stationary roots do not march when requested speed is blocked by collision
  ---
  duration_ms: 103.440363
  type: 'test'
  ...
# Subtest: Terrain height is applied once and each planted sole follows the supporting slope
ok 9 - Terrain height is applied once and each planted sole follows the supporting slope
  ---
  duration_ms: 407.529558
  type: 'test'
  ...
# Subtest: Lateral and backward movement retain finite independent leg chains
ok 10 - Lateral and backward movement retain finite independent leg chains
  ---
  duration_ms: 99.196672
  type: 'test'
  ...
# Subtest: Large turns release a planted foot instead of twisting a stationary knee indefinitely
ok 11 - Large turns release a planted foot instead of twisting a stationary knee indefinitely
  ---
  duration_ms: 90.061933
  type: 'test'
  ...
# Subtest: A shelter restore drops old world-space contact history
ok 12 - A shelter restore drops old world-space contact history
  ---
  duration_ms: 91.883407
  type: 'test'
  ...
# Subtest: Stance and aim blending change render poses without assigning any gameplay fields
ok 13 - Stance and aim blending change render poses without assigning any gameplay fields
  ---
  duration_ms: 108.263863
  type: 'test'
  ...
# Subtest: Swimming has distinct tread/stroke articulation and never keeps ground locks or visible guns
ok 14 - Swimming has distinct tread/stroke articulation and never keeps ground locks or visible guns
  ---
  duration_ms: 112.046458
  type: 'test'
  ...
# Subtest: Prone, vault, dodge and death release IK; returning to dry ground safely reacquires it
ok 15 - Prone, vault, dodge and death release IK; returning to dry ground safely reacquires it
  ---
  duration_ms: 101.504668
  type: 'test'
  ...
# Subtest: Settled crouch leans forward above planted feet within the existing full-rig envelope
ok 16 - Settled crouch leans forward above planted feet within the existing full-rig envelope
  ---
  duration_ms: 420.975943
  type: 'test'
  ...
# Subtest: Forward crouch compensation does not change held actions, weapon resources or player state
ok 17 - Forward crouch compensation does not change held actions, weapon resources or player state
  ---
  duration_ms: 968.593539
  type: 'test'
  ...
# Subtest: Running lean inclines the torso toward the actual forward direction
ok 18 - Running lean inclines the torso toward the actual forward direction
  ---
  duration_ms: 123.843318
  type: 'test'
  ...
# Subtest: Forward swimming alternates flutter kicks instead of moving both legs in phase
ok 19 - Forward swimming alternates flutter kicks instead of moving both legs in phase
  ---
  duration_ms: 534.062914
  type: 'test'
  ...
# Subtest: Extended swimming ankles point the toes along the trailing body line
ok 20 - Extended swimming ankles point the toes along the trailing body line
  ---
  duration_ms: 250.53635
  type: 'test'
  ...
1..20
# tests 20
# suites 0
# pass 18
# fail 2
# cancelled 0
# skipped 0
# todo 0
# duration_ms 4597.287729
