TAP version 13
# Subtest: Active Quest triggers aim and fire without driving or changing helicopter height in every mode
not ok 1 - Active Quest triggers aim and fire without driving or changing helicopter height in every mode
  ---
  duration_ms: 2.429281
  type: 'test'
  location: '/mnt/data/dino-fast/src/dino-atlas/tests/express-controls.test.mjs:5:1'
  failureType: 'testCodeFailure'
  error: |-
    Expected values to be strictly equal:
    + actual - expected
    
    + -0
    - 0
    
  code: 'ERR_ASSERTION'
  name: 'AssertionError'
  expected: 0
  actual: -0
  operator: 'strictEqual'
  stack: |-
    TestContext.<anonymous> (file:///mnt/data/dino-fast/src/dino-atlas/tests/express-controls.test.mjs:6:260)
    Test.runInAsyncScope (node:async_hooks:214:14)
    Test.run (node:internal/test_runner/test:1047:25)
    Test.start (node:internal/test_runner/test:944:17)
    startSubtestAfterBootstrap (node:internal/test_runner/harness:296:17)
  ...
# Subtest: Active Quest grips cannot jump, fire, accelerate or change height
not ok 2 - Active Quest grips cannot jump, fire, accelerate or change height
  ---
  duration_ms: 0.32432
  type: 'test'
  location: '/mnt/data/dino-fast/src/dino-atlas/tests/express-controls.test.mjs:8:1'
  failureType: 'testCodeFailure'
  error: |-
    Expected values to be strictly equal:
    + actual - expected
    
    + -0
    - 0
    
  code: 'ERR_ASSERTION'
  name: 'AssertionError'
  expected: 0
  actual: -0
  operator: 'strictEqual'
  stack: |-
    TestContext.<anonymous> (file:///mnt/data/dino-fast/src/dino-atlas/tests/express-controls.test.mjs:9:271)
    Test.runInAsyncScope (node:async_hooks:214:14)
    Test.run (node:internal/test_runner/test:1047:25)
    Test.processPendingSubtests (node:internal/test_runner/test:744:18)
    Test.postRun (node:internal/test_runner/test:1173:19)
    Test.run (node:internal/test_runner/test:1101:12)
    async startSubtestAfterBootstrap (node:internal/test_runner/harness:296:3)
  ...
# Subtest: Active vehicle locomotion stays independent from firing, with helicopter vertical stick and A brake
ok 3 - Active vehicle locomotion stays independent from firing, with helicopter vertical stick and A brake
  ---
  duration_ms: 0.342217
  type: 'test'
  ...
# Subtest: Blocked tracked pointers and hands cannot leak tool inputs
not ok 4 - Blocked tracked pointers and hands cannot leak tool inputs
  ---
  duration_ms: 0.194504
  type: 'test'
  location: '/mnt/data/dino-fast/src/dino-atlas/tests/express-controls.test.mjs:17:1'
  failureType: 'testCodeFailure'
  error: |-
    Expected values to be strictly equal:
    + actual - expected
    
    + -0
    - 0
    
  code: 'ERR_ASSERTION'
  name: 'AssertionError'
  expected: 0
  actual: -0
  operator: 'strictEqual'
  stack: |-
    TestContext.<anonymous> (file:///mnt/data/dino-fast/src/dino-atlas/tests/express-controls.test.mjs:18:172)
    Test.runInAsyncScope (node:async_hooks:214:14)
    Test.run (node:internal/test_runner/test:1047:25)
    Test.processPendingSubtests (node:internal/test_runner/test:744:18)
    Test.postRun (node:internal/test_runner/test:1173:19)
    Test.run (node:internal/test_runner/test:1101:12)
    async Test.processPendingSubtests (node:internal/test_runner/test:744:7)
  ...
# Subtest: Legacy XR motion contract is still available without migration
ok 5 - Legacy XR motion contract is still available without migration
  ---
  duration_ms: 0.282116
  type: 'test'
  ...
# Subtest: Express toggle remains enabled for 60 minutes without depletion; brake, modal and vehicle changes cancel it
ok 6 - Express toggle remains enabled for 60 minutes without depletion; brake, modal and vehicle changes cancel it
  ---
  duration_ms: 2.042476
  type: 'test'
  ...
# Subtest: Travel settings use only the new key, validate unsafe values and never persist armed speed
ok 7 - Travel settings use only the new key, validate unsafe values and never persist armed speed
  ---
  duration_ms: 0.393014
  type: 'test'
  ...
# Subtest: Xbox active triggers do not pilot, its stick drives, and D-pad controls altitude
ok 8 - Xbox active triggers do not pilot, its stick drives, and D-pad controls altitude
  ---
  duration_ms: 0.220273
  type: 'test'
  ...
# Subtest: Speed multipliers are finite and diagonals are normalized
ok 9 - Speed multipliers are finite and diagonals are normalized
  ---
  duration_ms: 0.293684
  type: 'test'
  ...
# Subtest: Destination bearing handles all compass directions and height without inventing path reachability
ok 10 - Destination bearing handles all compass directions and height without inventing path reachability
  ---
  duration_ms: 0.409249
  type: 'test'
  ...
# using deprecated parameters for the initialization function; pass a single object instead
# { normal: 15.08383246848323, fast: 60.32572305975594 }
# { normal: 14.618914604187012, fast: 58.47565841674805 }
# Subtest: Actual jeep reaches materially higher express speed with real wheel physics
ok 11 - Actual jeep reaches materially higher express speed with real wheel physics
  ---
  duration_ms: 61.560689
  type: 'test'
  ...
# Subtest: Actual helicopter express acceleration exceeds normal flight without scaling simulation time
ok 12 - Actual helicopter express acceleration exceeds normal flight without scaling simulation time
  ---
  duration_ms: 7.608478
  type: 'test'
  ...
# Subtest: Fast jeep stops against a thin solid wall rather than skipping through it
ok 13 - Fast jeep stops against a thin solid wall rather than skipping through it
  ---
  duration_ms: 17.466215
  type: 'test'
  ...
1..13
# tests 13
# suites 0
# pass 10
# fail 3
# cancelled 0
# skipped 0
# todo 0
# duration_ms 363.748869
