TAP version 13
# Subtest: Temporary pose loss disarms express and requires button release even while source stays connected
not ok 1 - Temporary pose loss disarms express and requires button release even while source stays connected
  ---
  duration_ms: 3.807166
  type: 'test'
  location: '/mnt/data/dino-fast/src/dino-atlas/tests/express-tracking.test.mjs:7:1'
  failureType: 'testCodeFailure'
  error: |-
    Expected values to be strictly equal:
    
    1 !== 0
    
  code: 'ERR_ASSERTION'
  name: 'AssertionError'
  expected: 0
  actual: 1
  operator: 'strictEqual'
  stack: |-
    TestContext.<anonymous> (file:///mnt/data/dino-fast/src/dino-atlas/tests/express-tracking.test.mjs:20:39)
    Test.runInAsyncScope (node:async_hooks:214:14)
    Test.run (node:internal/test_runner/test:1047:25)
    Test.start (node:internal/test_runner/test:944:17)
    startSubtestAfterBootstrap (node:internal/test_runner/harness:296:17)
  ...
1..1
# tests 1
# suites 0
# pass 0
# fail 1
# cancelled 0
# skipped 0
# todo 0
# duration_ms 85.864454
