TAP version 13
# using deprecated parameters for the initialization function; pass a single object instead
# Subtest: Rescue dock approach allows ordinary stopping tolerance inside unchanged boarding reach
not ok 1 - Rescue dock approach allows ordinary stopping tolerance inside unchanged boarding reach
  ---
  duration_ms: 168.967459
  type: 'test'
  location: '/mnt/data/dino-resume-ops/src/dino-atlas/tests/field-boarding-red.test.mjs:12:1'
  failureType: 'testCodeFailure'
  error: 'Do not stop outside the existing reach'
  code: 'ERR_ASSERTION'
  name: 'AssertionError'
  expected: true
  actual: false
  operator: '=='
  stack: |-
    TestContext.<anonymous> (file:///mnt/data/dino-resume-ops/src/dino-atlas/tests/field-boarding-red.test.mjs:20:10)
    Test.runInAsyncScope (node:async_hooks:214:14)
    Test.run (node:internal/test_runner/test:1047:25)
    Test.start (node:internal/test_runner/test:944:17)
    startSubtestAfterBootstrap (node:internal/test_runner/harness:296:17)
  ...
1..1
# tests 1
# suites 0
# pass 0
# fail 1
# cancelled 0
# skipped 0
# todo 0
# duration_ms 458.223646
