TAP version 13
# using deprecated parameters for the initialization function; pass a single object instead
# Subtest: All four real vehicle models carry distinct visible paired barrels, survey mast and recovery basket without new collision
ok 1 - All four real vehicle models carry distinct visible paired barrels, survey mast and recovery basket without new collision
  ---
  duration_ms: 169.943219
  type: 'test'
  ...
# Subtest: Production scanner requires clear physical sight and uninterrupted dwell before water stage
ok 2 - Production scanner requires clear physical sight and uninterrupted dwell before water stage
  ---
  duration_ms: 61.338462
  type: 'test'
  ...
# Subtest: Friendly crew reject offensive-tool credit; scanning and hoisting attach cargo to the actual boat
ok 3 - Friendly crew reject offensive-tool credit; scanning and hoisting attach cargo to the actual boat
  ---
  duration_ms: 43.136741
  type: 'test'
  ...
# Subtest: A connected helicopter moving vertically cannot complete a stable scanner or rescue hold
ok 4 - A connected helicopter moving vertically cannot complete a stable scanner or rescue hold
  ---
  duration_ms: 26.475261
  type: 'test'
  ...
# Subtest: Mounted first-person XR uses pointer aim but originates at vehicle equipment, not a hand across a wall
ok 5 - Mounted first-person XR uses pointer aim but originates at vehicle equipment, not a hand across a wall
  ---
  duration_ms: 8.711724
  type: 'test'
  ...
# Subtest: Familiar two-tool cycling remains available; the Active vehicle profile exposes all four attachments
not ok 6 - Familiar two-tool cycling remains available; the Active vehicle profile exposes all four attachments
  ---
  duration_ms: 9.584744
  type: 'test'
  location: '/mnt/data/dino-ops/src/dino-atlas/tests/field-mounts.test.mjs:47:1'
  failureType: 'testCodeFailure'
  error: "Cannot read properties of undefined (reading 'xr')"
  code: 'ERR_TEST_FAILURE'
  name: 'TypeError'
  stack: |-
    get extendedCycle (file:///mnt/data/dino-ops/src/dino-atlas/field-operations.js:21:71)
    TestContext.<anonymous> (file:///mnt/data/dino-ops/src/dino-atlas/tests/field-mounts.test.mjs:48:101)
    Test.runInAsyncScope (node:async_hooks:214:14)
    Test.run (node:internal/test_runner/test:1047:25)
    Test.processPendingSubtests (node:internal/test_runner/test:744:18)
    Test.postRun (node:internal/test_runner/test:1173:19)
    Test.run (node:internal/test_runner/test:1101:12)
    async Test.processPendingSubtests (node:internal/test_runner/test:744:7)
  ...
# Subtest: New task props are not embedded in original solid walls in either authored world
not ok 7 - New task props are not embedded in original solid walls in either authored world
  ---
  duration_ms: 261.022909
  type: 'test'
  location: '/mnt/data/dino-ops/src/dino-atlas/tests/field-mounts.test.mjs:50:1'
  failureType: 'testCodeFailure'
  error: |-
    classic road-pump occupies a historical solid
    
    true !== false
    
  code: 'ERR_ASSERTION'
  name: 'AssertionError'
  expected: false
  actual: true
  operator: 'strictEqual'
  stack: |-
    TestContext.<anonymous> (file:///mnt/data/dino-ops/src/dino-atlas/tests/field-mounts.test.mjs:51:552)
    Test.runInAsyncScope (node:async_hooks:214:14)
    Test.run (node:internal/test_runner/test:1047:25)
    Test.processPendingSubtests (node:internal/test_runner/test:744:18)
    Test.postRun (node:internal/test_runner/test:1173:19)
    Test.run (node:internal/test_runner/test:1101:12)
    async Test.processPendingSubtests (node:internal/test_runner/test:744:7)
  ...
1..7
# tests 7
# suites 0
# pass 5
# fail 2
# cancelled 0
# skipped 0
# todo 0
# duration_ms 1613.106804
