TAP version 13
# using deprecated parameters for the initialization function; pass a single object instead
# Subtest: Sluice and machinery are connected through the narrow north door using actual walking
ok 1 - Sluice and machinery are connected through the narrow north door using actual walking
  ---
  duration_ms: 415.050946
  type: 'test'
  ...
# Subtest: Every open map foot polyline fits real collision; closed crossings are not advertised as open
ok 2 - Every open map foot polyline fits real collision; closed crossings are not advertised as open
  ---
  duration_ms: 1005.175217
  type: 'test'
  ...
# Subtest: Maintenance opening admits the ranger but the real jeep body cannot enter
ok 3 - Maintenance opening admits the ranger but the real jeep body cannot enter
  ---
  duration_ms: 62.936084
  type: 'test'
  ...
# Subtest: Bridge readout agrees with every legal bridge attempt rather than a feeder or observed checkbox
ok 4 - Bridge readout agrees with every legal bridge attempt rather than a feeder or observed checkbox
  ---
  duration_ms: 0.698784
  type: 'test'
  ...
# Subtest: Natural herd clearance recurs without requiring observation, feeder or tool expenditure
ok 5 - Natural herd clearance recurs without requiring observation, feeder or tool expenditure
  ---
  duration_ms: 11.852524
  type: 'test'
  ...
# Subtest: Refit retains v1 layout, inventory, flags and single report across old-save round trips
ok 6 - Refit retains v1 layout, inventory, flags and single report across old-save round trips
  ---
  duration_ms: 1.015762
  type: 'test'
  ...
# Subtest: Historical open-ground checkpoint beside the maintenance wall is not occupied by new resupply geometry
not ok 7 - Historical open-ground checkpoint beside the maintenance wall is not occupied by new resupply geometry
  ---
  duration_ms: 26.477922
  type: 'test'
  location: '/mnt/data/dino-work/dino-atlas/tests/service-loop.test.mjs:51:1'
  failureType: 'testCodeFailure'
  error: 'A new cabinet must not overlap a previously valid checkpoint'
  code: 'ERR_ASSERTION'
  name: 'AssertionError'
  expected: true
  actual: false
  operator: '=='
  stack: |-
    TestContext.<anonymous> (file:///mnt/data/dino-work/dino-atlas/tests/service-loop.test.mjs:54:196)
    Test.runInAsyncScope (node:async_hooks:214:14)
    Test.run (node:internal/test_runner/test:1047:25)
    Test.processPendingSubtests (node:internal/test_runner/test:744:18)
    Test.postRun (node:internal/test_runner/test:1173:19)
    Test.run (node:internal/test_runner/test:1101:12)
    async Test.processPendingSubtests (node:internal/test_runner/test:744:7)
  ...
1..7
# tests 7
# suites 0
# pass 6
# fail 1
# cancelled 0
# skipped 0
# todo 0
# duration_ms 1675.867384
