TAP version 13
# using deprecated parameters for the initialization function; pass a single object instead
# Subtest: Native failed northwest bridge-pad approach can walk to the control without jumping
not ok 1 - Native failed northwest bridge-pad approach can walk to the control without jumping
  ---
  duration_ms: 514.599281
  type: 'test'
  location: '/mnt/data/dino-resume/repo/dino-atlas/tests/service-thresholds.test.mjs:26:1'
  failureType: 'testCodeFailure'
  error: 'Threshold blocked toward 15,24: {"x":15.50232982635498,"y":0.9106199145317078,"z":21.124900817871094}'
  code: 'ERR_ASSERTION'
  name: 'AssertionError'
  operator: 'fail'
  stack: |-
    walk (file:///mnt/data/dino-resume/repo/dino-atlas/tests/service-thresholds.test.mjs:24:9)
    TestContext.<anonymous> (file:///mnt/data/dino-resume/repo/dino-atlas/tests/service-thresholds.test.mjs:28:6)
    Test.runInAsyncScope (node:async_hooks:214:14)
    Test.run (node:internal/test_runner/test:1047:25)
    Test.start (node:internal/test_runner/test:944:17)
    startSubtestAfterBootstrap (node:internal/test_runner/harness:296:17)
  ...
# Subtest: Sluice pad supports short ordinary approaches from each service-loop direction
ok 2 - Sluice pad supports short ordinary approaches from each service-loop direction
  ---
  duration_ms: 350.611592
  type: 'test'
  ...
# Subtest: Mapped home endpoints finish comfortably inside the unchanged report reach
not ok 3 - Mapped home endpoints finish comfortably inside the unchanged report reach
  ---
  duration_ms: 0.509436
  type: 'test'
  location: '/mnt/data/dino-resume/repo/dino-atlas/tests/service-thresholds.test.mjs:35:1'
  failureType: 'testCodeFailure'
  error: 'lock-return: map endpoint must allow normal stopping tolerance'
  code: 'ERR_ASSERTION'
  name: 'AssertionError'
  expected: true
  actual: false
  operator: '=='
  stack: |-
    TestContext.<anonymous> (file:///mnt/data/dino-resume/repo/dino-atlas/tests/service-thresholds.test.mjs:36:112)
    Test.runInAsyncScope (node:async_hooks:214:14)
    Test.run (node:internal/test_runner/test:1047:25)
    Test.processPendingSubtests (node:internal/test_runner/test:744:18)
    Test.run (node:internal/test_runner/test:1101:12)
    async Test.processPendingSubtests (node:internal/test_runner/test:744:7)
  ...
1..3
# tests 3
# suites 0
# pass 1
# fail 2
# cancelled 0
# skipped 0
# todo 0
# duration_ms 1562.054122
